
> reason-to-reach-out-stage1@1.0.0 test
> node --test --test-concurrency=1

TAP version 13
# node:internal/modules/esm/resolve:275
#     throw new ERR_MODULE_NOT_FOUND(
#           ^
# Error [ERR_MODULE_NOT_FOUND]: Cannot find module '/root/ai-surfer-assets/projects/reason-to-reach-out-public/backend/app.js' imported from /root/ai-surfer-assets/projects/reason-to-reach-out-public/tests/backend.test.js
#     at finalizeResolution (node:internal/modules/esm/resolve:275:11)
#     at moduleResolve (node:internal/modules/esm/resolve:861:10)
#     at defaultResolve (node:internal/modules/esm/resolve:985:11)
#     at \#cachedDefaultResolve (node:internal/modules/esm/loader:747:20)
#     at ModuleLoader.resolve (node:internal/modules/esm/loader:724:38)
#     at ModuleLoader.getModuleJobForImport (node:internal/modules/esm/loader:320:38)
#     at ModuleJob._link (node:internal/modules/esm/module_job:182:49) {
#   code: 'ERR_MODULE_NOT_FOUND',
#   url: 'file:///root/ai-surfer-assets/projects/reason-to-reach-out-public/backend/app.js'
# }
# Node.js v22.23.1
# Subtest: tests/backend.test.js
not ok 1 - tests/backend.test.js
  ---
  duration_ms: 56.216556
  type: 'test'
  location: '/root/ai-surfer-assets/projects/reason-to-reach-out-public/tests/backend.test.js:1:1'
  failureType: 'testCodeFailure'
  exitCode: 1
  signal: ~
  error: 'test failed'
  code: 'ERR_TEST_FAILURE'
  ...
# node:internal/modules/esm/resolve:275
#     throw new ERR_MODULE_NOT_FOUND(
#           ^
# Error [ERR_MODULE_NOT_FOUND]: Cannot find module '/root/ai-surfer-assets/projects/reason-to-reach-out-public/backend/core.js' imported from /root/ai-surfer-assets/projects/reason-to-reach-out-public/tests/core.test.js
#     at finalizeResolution (node:internal/modules/esm/resolve:275:11)
#     at moduleResolve (node:internal/modules/esm/resolve:861:10)
#     at defaultResolve (node:internal/modules/esm/resolve:985:11)
#     at \#cachedDefaultResolve (node:internal/modules/esm/loader:747:20)
#     at ModuleLoader.resolve (node:internal/modules/esm/loader:724:38)
#     at ModuleLoader.getModuleJobForImport (node:internal/modules/esm/loader:320:38)
#     at ModuleJob._link (node:internal/modules/esm/module_job:182:49) {
#   code: 'ERR_MODULE_NOT_FOUND',
#   url: 'file:///root/ai-surfer-assets/projects/reason-to-reach-out-public/backend/core.js'
# }
# Node.js v22.23.1
# Subtest: tests/core.test.js
not ok 2 - tests/core.test.js
  ---
  duration_ms: 54.545446
  type: 'test'
  location: '/root/ai-surfer-assets/projects/reason-to-reach-out-public/tests/core.test.js:1:1'
  failureType: 'testCodeFailure'
  exitCode: 1
  signal: ~
  error: 'test failed'
  code: 'ERR_TEST_FAILURE'
  ...
# node:internal/fs/promises:639
#   return new FileHandle(await PromisePrototypeThen(
#                         ^
# Error: ENOENT: no such file or directory, open '/root/ai-surfer-assets/projects/reason-to-reach-out-public/public/example.json'
#     at async open (node:internal/fs/promises:639:25)
#     at async readFile (node:internal/fs/promises:1252:14)
#     at async file:///root/ai-surfer-assets/projects/reason-to-reach-out-public/tests/public.test.js:9:28 {
#   errno: -2,
#   code: 'ENOENT',
#   syscall: 'open',
#   path: '/root/ai-surfer-assets/projects/reason-to-reach-out-public/public/example.json'
# }
# Node.js v22.23.1
# Subtest: tests/public.test.js
not ok 3 - tests/public.test.js
  ---
  duration_ms: 59.291223
  type: 'test'
  location: '/root/ai-surfer-assets/projects/reason-to-reach-out-public/tests/public.test.js:1:1'
  failureType: 'testCodeFailure'
  exitCode: 1
  signal: ~
  error: 'test failed'
  code: 'ERR_TEST_FAILURE'
  ...
1..3
# tests 3
# suites 0
# pass 0
# fail 3
# cancelled 0
# skipped 0
# todo 0
# duration_ms 198.125949
