
> reason-to-reach-out-stage1@1.0.0 test
> node --test --test-concurrency=1

TAP version 13
# Subtest: tests/backend.test.js
ok 1 - tests/backend.test.js
  ---
  duration_ms: 113.050791
  type: 'test'
  ...
# Subtest: tests/core.test.js
ok 2 - tests/core.test.js
  ---
  duration_ms: 75.942563
  type: 'test'
  ...
# Subtest: tests/public.test.js
ok 3 - tests/public.test.js
  ---
  duration_ms: 77.163657
  type: 'test'
  ...
1..3
# tests 3
# suites 0
# pass 3
# fail 0
# cancelled 0
# skipped 0
# todo 0
# duration_ms 293.45915
